__extmap:H
__hash:u
__meta:ka
_hash:Db
_meta:Ya
_next:pb
_rest:Sc
_seq:Pb
active_:Eb
actualEventTarget_:ce
afn:D
afterRender:rc
ajax$protocols$AjaxImpl$_js_ajax_request$arity$3:pd
ajax$protocols$AjaxResponse$_body$arity$1:qd
ajax$protocols$AjaxResponse$_get_response_header$arity$2:rd
ajax$protocols$AjaxResponse$_status$arity$1:sd
ajax$protocols$AjaxResponse$_status_text$arity$1:td
ajax$protocols$AjaxResponse$_was_aborted$arity$1:ud
ajax$protocols$Interceptor$_process_request$arity$2:Qb
ajax$protocols$Interceptor$_process_response$arity$2:Rb
args:Sb
arr:l
auto_run:Za
base_count:vd
beforeFlush:de
bitmap:aa
buf:qb
buf_len:Tc
buf_pos:Qa
buffer_:hb
cachedOptions_:wd
cached_hierarchy:sc
callOnce:tc
caught:Uc
cb:xd
chunk:I
chunk_next:bb
ci:uc
cljs$core$APersistentVector$:Vc
cljs$core$Fn$:ee
cljs$core$IAssociative$:fe
cljs$core$IAssociative$_assoc$arity$3:va
cljs$core$IAssociative$_contains_key_QMARK_$arity$2:Ra
cljs$core$IChunk$_drop_first$arity$1:Wc
cljs$core$IChunkedNext$_chunked_next$arity$1:vc
cljs$core$IChunkedSeq$:Ve
cljs$core$IChunkedSeq$_chunked_first$arity$1:Tb
cljs$core$IChunkedSeq$_chunked_rest$arity$1:ib
cljs$core$ICollection$:We
cljs$core$ICollection$_conj$arity$2:Z
cljs$core$IComparable$:Fb
cljs$core$IComparable$_compare$arity$2:jb
cljs$core$ICounted$:ge
cljs$core$ICounted$_count$arity$1:X
cljs$core$IDeref$:yd
cljs$core$IDeref$_deref$arity$1:Ca
cljs$core$IEditableCollection$:he
cljs$core$IEditableCollection$_as_transient$arity$1:Gb
cljs$core$IEmptyableCollection$:ie
cljs$core$IEmptyableCollection$_empty$arity$1:ba
cljs$core$IEncodeJS$:je
cljs$core$IEncodeJS$_clj__GT_js$arity$1:ke
cljs$core$IEquiv$_equiv$arity$2:P
cljs$core$IFind$_find$arity$2:Hb
cljs$core$IFn$:Xe
cljs$core$IFn$_invoke$arity$0:A
cljs$core$IFn$_invoke$arity$1:g
cljs$core$IFn$_invoke$arity$10:Da
cljs$core$IFn$_invoke$arity$11:Ea
cljs$core$IFn$_invoke$arity$12:Fa
cljs$core$IFn$_invoke$arity$13:Ga
cljs$core$IFn$_invoke$arity$14:Ha
cljs$core$IFn$_invoke$arity$15:Ia
cljs$core$IFn$_invoke$arity$16:Ja
cljs$core$IFn$_invoke$arity$17:Ka
cljs$core$IFn$_invoke$arity$18:La
cljs$core$IFn$_invoke$arity$19:Ma
cljs$core$IFn$_invoke$arity$2:h
cljs$core$IFn$_invoke$arity$20:Na
cljs$core$IFn$_invoke$arity$21:Xc
cljs$core$IFn$_invoke$arity$22:le
cljs$core$IFn$_invoke$arity$3:i
cljs$core$IFn$_invoke$arity$4:v
cljs$core$IFn$_invoke$arity$5:M
cljs$core$IFn$_invoke$arity$6:pa
cljs$core$IFn$_invoke$arity$7:Oa
cljs$core$IFn$_invoke$arity$8:za
cljs$core$IFn$_invoke$arity$9:Pa
cljs$core$IFn$_invoke$arity$variadic:j
cljs$core$IHash$:Ye
cljs$core$IHash$_hash$arity$1:R
cljs$core$IIndexed$:zd
cljs$core$IIndexed$_nth$arity$2:S
cljs$core$IIndexed$_nth$arity$3:wa
cljs$core$IIterable$:Ze
cljs$core$IIterable$_iterator$arity$1:ra
cljs$core$IKVReduce$:$e
cljs$core$IKVReduce$_kv_reduce$arity$3:cb
cljs$core$IList$:af
cljs$core$ILookup$:me
cljs$core$ILookup$_lookup$arity$2:na
cljs$core$ILookup$_lookup$arity$3:T
cljs$core$IMap$:ne
cljs$core$IMap$_dissoc$arity$2:rb
cljs$core$IMapEntry$:bf
cljs$core$IMapEntry$_key$arity$1:oe
cljs$core$IMapEntry$_val$arity$1:pe
cljs$core$IMeta$:Ad
cljs$core$IMeta$_meta$arity$1:V
cljs$core$INamed$:Bd
cljs$core$INamed$_name$arity$1:Ub
cljs$core$INamed$_namespace$arity$1:Vb
cljs$core$INext$:Wb
cljs$core$INext$_next$arity$1:ea
cljs$core$IPrintWithWriter$:ca
cljs$core$IPrintWithWriter$_pr_writer$arity$3:O
cljs$core$IRecord$:cf
cljs$core$IReduce$:qe
cljs$core$IReduce$_reduce$arity$2:la
cljs$core$IReduce$_reduce$arity$3:ma
cljs$core$IReset$_reset_BANG_$arity$2:xa
cljs$core$IReversible$:df
cljs$core$IReversible$_rseq$arity$1:Xb
cljs$core$ISeq$:Ib
cljs$core$ISeq$_first$arity$1:ha
cljs$core$ISeq$_rest$arity$1:ia
cljs$core$ISeqable$:re
cljs$core$ISeqable$_seq$arity$1:W
cljs$core$ISequential$:Yc
cljs$core$ISet$:se
cljs$core$ISet$_disjoin$arity$2:Cd
cljs$core$IStack$_peek$arity$1:sb
cljs$core$IStack$_pop$arity$1:tb
cljs$core$ISwap$_swap_BANG_$arity$2:wc
cljs$core$ISwap$_swap_BANG_$arity$3:xc
cljs$core$ISwap$_swap_BANG_$arity$4:yc
cljs$core$ISwap$_swap_BANG_$arity$5:zc
cljs$core$ITransientAssociative$_assoc_BANG_$arity$3:Jb
cljs$core$ITransientCollection$_conj_BANG_$arity$2:Kb
cljs$core$ITransientCollection$_persistent_BANG_$arity$1:Yb
cljs$core$IUUID$:te
cljs$core$IVector$:ef
cljs$core$IVector$_assoc_n$arity$3:ub
cljs$core$IWatchable$_add_watch$arity$3:Zb
cljs$core$IWatchable$_notify_watches$arity$3:Ac
cljs$core$IWatchable$_remove_watch$arity$2:$b
cljs$core$IWithMeta$_with_meta$arity$2:Y
cljs$core$IWriter$_write$arity$2:Dd
cljs$lang$applyTo:C
cljs$lang$ctorPrWriter:ue
cljs$lang$ctorStr:Bc
cljs$lang$maxFixedArity:B
cljs$lang$protocol_mask$partition$:Ed
cljs$lang$protocol_mask$partition0$:m
cljs$lang$protocol_mask$partition1$:G
cljs$lang$type:Fd
cljs$tools$reader$reader_types$IPushbackReader$unread$arity$2:Gd
cljs$tools$reader$reader_types$IndexingReader$:ff
cljs$tools$reader$reader_types$IndexingReader$get_column_number$arity$1:ve
cljs$tools$reader$reader_types$IndexingReader$get_file_name$arity$1:we
cljs$tools$reader$reader_types$IndexingReader$get_line_number$arity$1:xe
cljs$tools$reader$reader_types$Reader$peek_char$arity$1:ac
cljs$tools$reader$reader_types$Reader$read_char$arity$1:vb
cljsDOMValue:Cc
cljsInputDirty:Hd
cljsInputLive:Zc
cljsIsDirty:bc
cljsLegacyRender:ye
cljsMountOrder:$c
cljsRenderedValue:ze
cljsState:Ae
clojure$data$Diff$diff_similar$arity$2:Be
clojure$data$EqualityPartition$equality_partition$arity$1:Ce
cnt:o
collision_hash:eb
componentQueue:Dc
content_type:$a
custom:De
default_dispatch_val:Ee
dirty_QMARK_:kb
dispatch_fn:F
disposed_:ad
edit:$
editable_QMARK_:Lb
ensure_editable:wb
errorDispatched_:bd
eventTargetListeners_:xb
event_:cc
ext_map_iter:Id
fields:Fe
fn:dc
fn_to_element:Jd
forceChunk:ec
fqn:da
front:ya
fseq:Mb
fsm_state:lb
getListener:cd
getSetImmediateEmulator_:Ge
handler:Ec
hasNext:fa
has_nil_QMARK_:sa
hash_map:fb
hierarchy:Fc
i:s
ieProgId_:Kd
inAbort_:fc
inOpen_:dd
inSend_:Gc
inode_assoc:Sa
inode_assoc_BANG_:Ta
inode_find:hc
inode_lookup:mb
inode_seq:ic
inode_without:jc
inputEl:ed
iter:Nb
kv_reduce:kc
lastErrorCode_:nb
lastError_:yb
lastMethod_:Ld
lastUri_:Hc
len:zb
listeners:Ua
meta10873:He
meta12735:Ie
method_cache:Ic
method_table:Jc
more:Va
mseq:U
next_entry:lc
next_iter:Wa
nil_val:ta
nocache_QMARK_:Md
nodes:Xa
ns:ua
off:qa
onChange:Je
onProgressHandler_:Nd
onReadyStateChangeEntryPoint_:Ke
onReadyStateChange_:Od
on_dispose:Pd
on_dispose_arr:Qd
on_set:Le
opts:Me
parentEventTarget_:Rd
parse_fn:Kc
post_event_callback_fns:Ne
prefer_table:Oe
progressEventsEnabled_:Sd
propagationStopped_:mc
ratom:ga
rdr:Td
reaction:nc
reagReactionCache:fd
reagent$impl$protocols$Compiler$as_element$arity$2:Ud
reagent$impl$protocols$Compiler$get_id$arity$1:Pe
reagent$impl$protocols$Compiler$make_element$arity$5:Vd
reagent$impl$protocols$Compiler$parse_tag$arity$3:Wd
reagent$ratom$IDisposable$add_on_dispose_BANG_$arity$2:Xd
reagent$ratom$IDisposable$dispose_BANG_$arity$1:gd
reagent$ratom$IReactiveAtom$:Lc
reagentInput:Qe
reagentRefFn:Yd
reagentRender:ob
rear:Aa
record:Re
removed:oc
responseType_:Mc
rest:gb
riter:pc
root_iter:Zd
s:N
s_len:$d
s_pos:Ob
sb:Se
scheduled_QMARK_:Nc
seen:hd
setImmediate_:ae
str:ab
superClass_:jd
timeoutId_:Oc
timeoutInterval_:qc
timeout_:be
transient_map:Ab
trustToken_:kd
typeCount_:Pc
useSetImmediate_:Te
useXhr2Timeout_:ld
uuid:Bb
v:ja
val:J
validator:md
vec:Ba
watches:oa
watchesArr:nd
watching:Cb
withCredentials_:od
wrapCallback_:Ue
xhrOptions_:Qc
xhr_:K
xmlHttpFactory_:Rc
