JSCompiler_StaticMethods__peek:yq
JSCompiler_StaticMethods__peek_at:Eq
JSCompiler_StaticMethods__run:Cq
JSCompiler_StaticMethods__set_opts:Fq
JSCompiler_StaticMethods__set_state:zq
JSCompiler_StaticMethods_add_after_render:aq
JSCompiler_StaticMethods_assoc_BANG_:sh
JSCompiler_StaticMethods_cleanUpTimeoutTimer_:hw
JSCompiler_StaticMethods_cleanUpXhr_:kw
JSCompiler_StaticMethods_cljs$core$IMultiFn$_add_method$arity$3:Hi
JSCompiler_StaticMethods_cljs$core$IMultiFn$_get_method$arity$2:Gi
JSCompiler_StaticMethods_cljs$core$ITransientVector$_assoc_n_BANG_$arity$3:sg
JSCompiler_StaticMethods_createInstance:aw
JSCompiler_StaticMethods_dispatchErrors_:jw
JSCompiler_StaticMethods_error_:gw
JSCompiler_StaticMethods_fireListeners:Cs
JSCompiler_StaticMethods_flush_after_render:Zp
JSCompiler_StaticMethods_getOptions:Xv
JSCompiler_StaticMethods_getProgId_:Yv
JSCompiler_StaticMethods_getReadyState:mw
JSCompiler_StaticMethods_getResponse:qw
JSCompiler_StaticMethods_getStatus:nw
JSCompiler_StaticMethods_getStatusText:ow
JSCompiler_StaticMethods_markAsRemoved:js
JSCompiler_StaticMethods_onReadyStateChangeHelper_:lw
JSCompiler_StaticMethods_re_frame$router$IEventQueue$_call_post_event_callbacks$arity$2:vt
JSCompiler_StaticMethods_re_frame$router$IEventQueue$_fsm_trigger$arity$3:rt
JSCompiler_StaticMethods_re_frame$router$IEventQueue$_pause$arity$2:ut
JSCompiler_StaticMethods_re_frame$router$IEventQueue$_process_1st_event_in_queue$arity$1:st
JSCompiler_StaticMethods_re_frame$router$IEventQueue$_run_next_tick$arity$1:tt
JSCompiler_StaticMethods_re_frame$router$IEventQueue$_run_queue$arity$1:qt
JSCompiler_StaticMethods_removeByKey:ms
JSCompiler_StaticMethods_schedule:$p
JSCompiler_StaticMethods_setResponseType:fw
JSCompiler_StaticMethods_sval:ye
JSCompiler_inline_result$jscomp$6:Ba
JSCompiler_prototypeAlias:g
L 0:a
L 1:b
L 10:p
L 11:q
L 12:u
L 13:x
L 14:D
L 15:H
L 16:G
L 17:K
L 18:M
L 19:Y
L 2:c
L 20:ca
L 21:sa
L 22:Sa
L 23:nc
L 24:Lb
L 25:Xc
L 26:Fc
L 27:Xb
L 28:xd
L 29:yd
L 3:d
L 30:fg
L 31:gg
L 32:Wc
L 33:qh
L 34:Jm
L 35:hg
L 36:ix
L 37:Er
L 38:qj
L 39:Fr
L 4:e
L 40:rj
L 41:ig
L 42:Gr
L 43:Hr
L 44:Km
L 45:Ir
L 46:ff
L 47:sj
L 48:ax
L 49:bx
L 5:f
L 50:cx
L 51:rh
L 6:h
L 7:k
L 8:l
L 9:m
ajax$edn$edn_read:Nv
ajax$formats$accept_header:Uv
ajax$formats$detect_content_type:Rv
ajax$formats$detect_response_format:tu
ajax$formats$detect_response_format_read:Tv
ajax$formats$get_accept_entries:Qv
ajax$formats$get_default_format:Sv
ajax$formats$get_format:Pv
ajax$interceptors$ApplyRequestFormat:nu
ajax$interceptors$DirectSubmission:qu
ajax$interceptors$ProcessUrlParameters:pu
ajax$interceptors$ResponseFormat:lu
ajax$interceptors$content_type_to_request_header:ku
ajax$interceptors$fail:ju
ajax$interceptors$get_response_format:su
ajax$interceptors$map__GT_ResponseFormat:mu
ajax$interceptors$request_interceptors:ru
ajax$interceptors$uri_with_params:ou
ajax$protocols$_body:Wt
ajax$protocols$_get_response_header:Xt
ajax$protocols$_js_ajax_request:Tt
ajax$protocols$_process_request:Zt
ajax$protocols$_process_response:$t
ajax$protocols$_status:Ut
ajax$protocols$_status_text:Vt
ajax$protocols$_was_aborted:Yt
ajax$simple$default_interceptors:uw
ajax$simple$make_js_handler:tw
ajax$simple$normalize_method:rw
ajax$simple$normalize_request:vw
ajax$simple$process_request:ww
ajax$simple$process_response:sw
ajax$simple$raw_ajax_request:xw
ajax$url$key_encode:du
ajax$url$key_value_pair_to_str:fu
ajax$url$param_to_key_value_pairs:iu
ajax$url$to_vec_key_transform:hu
ajax$url$value_encode:eu
ajax$url$vec_key_transform_fn:gu
ajax$util$get_content_type:bu
ajax$util$successful_response_codes_set:cu
ajax$util$throw_error:au
arr$jscomp$inline_1105:Vr
cached_hierarchy__5645__auto__$jscomp$inline_1839:Di
cljs$core$ArrayChunk:Ae
cljs$core$ArrayNode:$g
cljs$core$ArrayNodeIterator:dh
cljs$core$ArrayNodeSeq:kh
cljs$core$Atom:kf
cljs$core$BitmapIndexedNode:Wg
cljs$core$BitmapIndexedNode$EMPTY:Zg
cljs$core$Box:Qg
cljs$core$ChunkBuffer:ze
cljs$core$ChunkedCons:Ce
cljs$core$ChunkedSeq:lg
cljs$core$Cons:qe
cljs$core$ES6EntriesIterator:Bg
cljs$core$ES6Iterator:Pc
cljs$core$ES6IteratorSeq:Rc
cljs$core$ES6SetEntriesIterator:Cg
cljs$core$EmptyList:ne
cljs$core$ExceptionInfo:Li
cljs$core$Fn:Ya
cljs$core$HashCollisionNode:hh
cljs$core$HashMapIter:mh
cljs$core$HashSetIter:yh
cljs$core$IAssociative:qb
cljs$core$ICollection:db
cljs$core$IComparable:hc
cljs$core$ICounted:$a
cljs$core$IDeref:Eb
cljs$core$IEmptyableCollection:bb
cljs$core$IEncodeJS:hi
cljs$core$IFn:Za
cljs$core$IIndexed:fb
cljs$core$IIndexed$_nth$dyn_12109:hb
cljs$core$IIterable:sc
cljs$core$IKVReduce:Mb
cljs$core$IList:Tb
cljs$core$ILookup:nb
cljs$core$ILookup$_lookup$dyn_12116:pb
cljs$core$IMap:ub
cljs$core$IMeta:Fb
cljs$core$INIT:We
cljs$core$INext:lb
cljs$core$IPrintWithWriter:Zb
cljs$core$IRecord:Ub
cljs$core$IReduce:Ib
cljs$core$IReduce$_reduce$dyn_12162:Kb
cljs$core$IReversible:Vb
cljs$core$ISeq:ib
cljs$core$ISeqable:Qb
cljs$core$ISequential:Sb
cljs$core$ISet:yb
cljs$core$ISwap$_swap_BANG_$dyn_12243:rc
cljs$core$ITER_SYMBOL:Ta
cljs$core$IVector:Cb
cljs$core$IndexedSeq:F
cljs$core$IndexedSeqIterator:kd
cljs$core$IntegerRange:Hh
cljs$core$IntegerRangeChunk:Fh
cljs$core$KeySeq:th
cljs$core$Keyword:C
cljs$core$LazySeq:xe
cljs$core$List:vd
cljs$core$List$EMPTY:Oc
cljs$core$MapEntry:Wf
cljs$core$MetaFn:Dd
cljs$core$MultiFn:yi
cljs$core$NeverEquiv:xg
cljs$core$NodeIterator:Vg
cljs$core$NodeSeq:ih
cljs$core$PROTOCOL_SENTINEL:r
cljs$core$PersistentArrayMap:t
cljs$core$PersistentArrayMap$EMPTY:U
cljs$core$PersistentArrayMap$HASHMAP_THRESHOLD:Jg
cljs$core$PersistentArrayMap$createAsIfByAssoc:Ad
cljs$core$PersistentArrayMap$createAsIfByAssocComplexPath:Og
cljs$core$PersistentArrayMapIterator:Fg
cljs$core$PersistentArrayMapSeq:Eg
cljs$core$PersistentHashMap:nh
cljs$core$PersistentHashMap$EMPTY:Kg
cljs$core$PersistentHashMap$fromArrays:ph
cljs$core$PersistentHashSet:zh
cljs$core$PersistentHashSet$EMPTY:Bh
cljs$core$PersistentQueue:vg
cljs$core$PersistentQueue$EMPTY:wg
cljs$core$PersistentQueueIter:tg
cljs$core$PersistentQueueSeq:ug
cljs$core$PersistentVector:V
cljs$core$PersistentVector$EMPTY:ud
cljs$core$PersistentVector$EMPTY_NODE:W
cljs$core$PersistentVector$fromArray:bg
cljs$core$RSeq:ld
cljs$core$Range:Ih
cljs$core$RangeIterator:Gh
cljs$core$RangedIterator:Sf
cljs$core$RecordIter:Ag
cljs$core$Reduced:Zc
cljs$core$Repeat:tf
cljs$core$START:Xe
cljs$core$SeqIter:Ye
cljs$core$StringBufferWriter:uc
cljs$core$Subvec:ng
cljs$core$Symbol:Jc
cljs$core$TransientArrayMap:Ig
cljs$core$TransientHashMap:oh
cljs$core$TransientHashSet:Ah
cljs$core$TransientVector:Xf
cljs$core$UUID:Ji
cljs$core$ValSeq:uh
cljs$core$VectorNode:Hf
cljs$core$_EQ_:N
cljs$core$_STAR_print_level_STAR_:Ga
cljs$core$__destructure_map:Te
cljs$core$_add_watch:ac
cljs$core$_as_transient:dc
cljs$core$_assoc:sb
cljs$core$_assoc_BANG_:gc
cljs$core$_assoc_n:Db
cljs$core$_chunked_first:kc
cljs$core$_chunked_rest:lc
cljs$core$_clj__GT_js:ii
cljs$core$_compare:ic
cljs$core$_conj:eb
cljs$core$_conj_BANG_:ec
cljs$core$_contains_key_QMARK_:rb
cljs$core$_count:ab
cljs$core$_deref:A
cljs$core$_disjoin:zb
cljs$core$_dissoc:vb
cljs$core$_drop_first:jc
cljs$core$_empty:cb
cljs$core$_equiv:Ob
cljs$core$_find:tb
cljs$core$_first:jb
cljs$core$_global_hierarchy:mi
cljs$core$_hash:Pb
cljs$core$_indexOf$cljs$0core$0IFn$0_invoke$0arity$03:O
cljs$core$_iterator:tc
cljs$core$_key:wb
cljs$core$_kv_reduce:Nb
cljs$core$_lastIndexOf$cljs$0core$0IFn$0_invoke$0arity$03:Q
cljs$core$_lookup:ob
cljs$core$_meta:Gb
cljs$core$_name:mc
cljs$core$_namespace:oc
cljs$core$_next:mb
cljs$core$_nth:gb
cljs$core$_peek:Ab
cljs$core$_persistent_BANG_:fc
cljs$core$_pop:Bb
cljs$core$_pr_writer:$b
cljs$core$_reduce:Jb
cljs$core$_remove_watch:cc
cljs$core$_reset_BANG_:pc
cljs$core$_rest:kb
cljs$core$_rseq:Wb
cljs$core$_seq:Rb
cljs$core$_swap_BANG_:qc
cljs$core$_val:xb
cljs$core$_with_meta:Hb
cljs$core$_write:Yb
cljs$core$aclone:Ua
cljs$core$apply:Ed
cljs$core$apply$cljs$0core$0IFn$0_invoke$0arity$02:Oe
cljs$core$apply$cljs$0core$0IFn$0_invoke$0arity$03:Pe
cljs$core$apply$cljs$0core$0IFn$0_invoke$0arity$04:Qe
cljs$core$apply$cljs$0core$0IFn$0_invoke$0arity$05:Re
cljs$core$apply$cljs$0core$0IFn$0_invoke$0arity$0variadic:Se
cljs$core$apply_to:Ie
cljs$core$apply_to_simple$cljs$0core$0IFn$0_invoke$0arity$03:Ke
cljs$core$apply_to_simple$cljs$0core$0IFn$0_invoke$0arity$04:Le
cljs$core$apply_to_simple$cljs$0core$0IFn$0_invoke$0arity$05:Me
cljs$core$apply_to_simple$cljs$0core$0IFn$0_invoke$0arity$06:Ne
cljs$core$array_QMARK_:Oa
cljs$core$array__GT_transient_hash_map:Pg
cljs$core$array_copy:Rd
cljs$core$array_for:Pf
cljs$core$array_index_of:Dg
cljs$core$array_reduce$cljs$0core$0IFn$0_invoke$0arity$02:dd
cljs$core$array_reduce$cljs$0core$0IFn$0_invoke$0arity$03:ed
cljs$core$array_reduce$cljs$0core$0IFn$0_invoke$0arity$04:fd
cljs$core$assoc:T
cljs$core$assoc_in:Ef
cljs$core$atom$cljs$0core$0IFn$0_invoke$0arity$01:lf
cljs$core$bit_count:le
cljs$core$boolean$0:Ud
cljs$core$bounded_count:Fe
cljs$core$build_subvec:og
cljs$core$butlast:Dh
cljs$core$char$0:je
cljs$core$char_escapes:Th
cljs$core$chunk_append:Ee
cljs$core$chunk_buffer:Be
cljs$core$chunk_cons:De
cljs$core$chunked_seq:ag
cljs$core$chunked_seq$cljs$0core$0IFn$0_invoke$0arity$04:$f
cljs$core$chunked_seq$cljs$0core$0IFn$0_invoke$0arity$05:mg
cljs$core$chunked_seq_QMARK_:Qd
cljs$core$ci_reduce$cljs$0core$0IFn$0_invoke$0arity$02:bd
cljs$core$ci_reduce$cljs$0core$0IFn$0_invoke$0arity$03:cd
cljs$core$clj__GT_js:ki
cljs$core$clone_and_set$cljs$0core$0IFn$0_invoke$0arity$03:Rg
cljs$core$coll_QMARK_:Kd
cljs$core$compare:Yd
cljs$core$compare_indexed$cljs$0core$0IFn$0_invoke$0arity$02:Zd
cljs$core$compare_keywords:re
cljs$core$compare_symbols:Ic
cljs$core$complement:bf
cljs$core$concat:He
cljs$core$conj:td
cljs$core$cons:nd
cljs$core$contains_QMARK_:Xd
cljs$core$count:P
cljs$core$counted_QMARK_:gd
cljs$core$create_array_node_seq:fh
cljs$core$create_array_node_seq$cljs$0core$0IFn$0_invoke$0arity$01:eh
cljs$core$create_array_node_seq$cljs$0core$0IFn$0_invoke$0arity$03:lh
cljs$core$create_inode_seq:Yg
cljs$core$create_inode_seq$cljs$0core$0IFn$0_invoke$0arity$01:Xg
cljs$core$create_inode_seq$cljs$0core$0IFn$0_invoke$0arity$03:jh
cljs$core$create_node:bh
cljs$core$create_node$cljs$0core$0IFn$0_invoke$0arity$06:ch
cljs$core$create_node$cljs$0core$0IFn$0_invoke$0arity$07:ah
cljs$core$deref:ad
cljs$core$disj:Id
cljs$core$dissoc:Bd
cljs$core$do_assoc:Qf
cljs$core$doall$cljs$0core$0IFn$0_invoke$0arity$01:Mh
cljs$core$dominates:vi
cljs$core$drop$cljs$0core$0IFn$0_invoke$0arity$02:qf
cljs$core$drop_last$cljs$0core$0IFn$0_invoke$0arity$02:rf
cljs$core$edit_and_set$cljs$0core$0IFn$0_invoke$0arity$04:Tg
cljs$core$empty:wd
cljs$core$empty_QMARK_:Jd
cljs$core$empty_ordered_hash:Tc
cljs$core$empty_unordered_hash:Vc
cljs$core$equiv_map:zg
cljs$core$equiv_sequential:md
cljs$core$es6_iterator:Qc
cljs$core$es6_iterator_seq:Mc
cljs$core$even_QMARK_:af
cljs$core$every_QMARK_:Ze
cljs$core$ex_info$cljs$0core$0IFn$0_invoke$0arity$02:Mi
cljs$core$filter$cljs$0core$0IFn$0_invoke$0arity$02:xf
cljs$core$find_and_cache_best_method:wi
cljs$core$first:I
cljs$core$flatten:Af
cljs$core$fn_QMARK_:Cd
cljs$core$fn__GT_comparator:$d
cljs$core$fnil$cljs$0core$0IFn$0_invoke$0arity$02:df
cljs$core$frequencies:Kh
cljs$core$gensym$cljs$0core$0IFn$0_invoke$0arity$01:gi
cljs$core$gensym_counter:fi
cljs$core$get:B
cljs$core$get_global_hierarchy:ni
cljs$core$get_in$cljs$0core$0IFn$0_invoke$0arity$02:Df
cljs$core$hash:Ec
cljs$core$hash_collision_node_find_index:gh
cljs$core$hash_combine:Gc
cljs$core$hash_ordered_coll:Sc
cljs$core$hash_string:Dc
cljs$core$hash_unordered_coll:Uc
cljs$core$identity:ge
cljs$core$ifn_QMARK_:Vd
cljs$core$imul:wc
cljs$core$inc:Yc
cljs$core$indexed_QMARK_:hd
cljs$core$inode_kv_reduce:Ug
cljs$core$instance_QMARK_:Hc
cljs$core$integer_QMARK_:Wd
cljs$core$interleave:vf
cljs$core$into:ef
cljs$core$into_array$cljs$0core$0IFn$0_invoke$0arity$02:Va
cljs$core$isa_QMARK_$cljs$0core$0IFn$0_invoke$0arity$03:ri
cljs$core$iter_reduce$cljs$0core$0IFn$0_invoke$0arity$02:ce
cljs$core$iter_reduce$cljs$0core$0IFn$0_invoke$0arity$03:de
cljs$core$iterable_QMARK_:Lc
cljs$core$juxt$cljs$0core$0IFn$0_invoke$0arity$02:Lh
cljs$core$keep$cljs$0core$0IFn$0_invoke$0arity$02:jf
cljs$core$key:eg
cljs$core$key__GT_js$cljs$0core$0IFn$0_invoke$0arity$02:ji
cljs$core$key_test:Lg
cljs$core$keys:Gg
cljs$core$keyword:ve
cljs$core$keyword_identical_QMARK_:se
cljs$core$last:sd
cljs$core$lift_ns:ci
cljs$core$linear_traversal_nth$cljs$0core$0IFn$0_invoke$0arity$03:zd
cljs$core$list:pe
cljs$core$list_QMARK_:me
cljs$core$lookup_sentinel:Sd
cljs$core$m3_fmix:zc
cljs$core$m3_hash_unencoded_chars:Ac
cljs$core$m3_mix_H1:yc
cljs$core$m3_mix_K1:xc
cljs$core$map:of
cljs$core$map_QMARK_:Nd
cljs$core$map_entry_QMARK_:dg
cljs$core$map_indexed$cljs$0core$0IFn$0_invoke$0arity$02:hf
cljs$core$mapcat$cljs$0core$0IFn$0_invoke$0arity$0variadic:wf
cljs$core$mapv$cljs$0core$0IFn$0_invoke$0arity$02:Bf
cljs$core$max:ie
cljs$core$max_key:Eh
cljs$core$merge:vh
cljs$core$meta:Gd
cljs$core$missing_protocol:y
cljs$core$name:we
cljs$core$namespace:te
cljs$core$native_satisfies_QMARK_:w
cljs$core$never_equiv:yg
cljs$core$new_path:Lf
cljs$core$next:J
cljs$core$next_STAR_:Je
cljs$core$nil_QMARK_:Na
cljs$core$not:Pa
cljs$core$not_empty:Ue
cljs$core$nth:jd
cljs$core$nth$cljs$0core$0IFn$0_invoke$0arity$02:id
cljs$core$nth$cljs$0core$0IFn$0_invoke$0arity$03:S
cljs$core$pam_grow_seed_array:Ng
cljs$core$pam_new_size:Mg
cljs$core$parents$cljs$0core$0IFn$0_invoke$0arity$01:si
cljs$core$partial:cf
cljs$core$partition$cljs$0core$0IFn$0_invoke$0arity$03:Cf
cljs$core$peek:Hd
cljs$core$pop_tail:Rf
cljs$core$pr_opts:Ha
cljs$core$pr_sequential_writer:Qh
cljs$core$pr_str:ai
cljs$core$pr_str_STAR_:vc
cljs$core$pr_writer:Xh
cljs$core$pr_writer_impl:Wh
cljs$core$prefers_STAR_:ui
cljs$core$prim_seq$cljs$0core$0IFn$0_invoke$0arity$02:R
cljs$core$print_map:Yh
cljs$core$print_meta_QMARK_:Vh
cljs$core$print_prefix_map:di
cljs$core$push_tail:Mf
cljs$core$pv_clone_node:Jf
cljs$core$pv_fresh_node:If
cljs$core$pv_reduce$cljs$0core$0IFn$0_invoke$0arity$04:Uf
cljs$core$pv_reduce$cljs$0core$0IFn$0_invoke$0arity$05:Vf
cljs$core$qualified_keyword_QMARK_:ue
cljs$core$quot:ke
cljs$core$quote_string:Uh
cljs$core$random_uuid:Ki
cljs$core$ranged_iterator:Tf
cljs$core$re_find:Oh
cljs$core$re_matches:Nh
cljs$core$re_pattern:Ph
cljs$core$record_QMARK_:Od
cljs$core$reduce:Xa
cljs$core$reduce$cljs$0core$0IFn$0_invoke$0arity$02:ee
cljs$core$reduce$cljs$0core$0IFn$0_invoke$0arity$03:Wa
cljs$core$reduce_kv:fe
cljs$core$reduced_QMARK_:$c
cljs$core$remove$cljs$0core$0IFn$0_invoke$0arity$02:yf
cljs$core$remove_pair:Sg
cljs$core$repeat$cljs$0core$0IFn$0_invoke$0arity$02:uf
cljs$core$reset_BANG_:mf
cljs$core$reset_cache:ti
cljs$core$rest:Nc
cljs$core$reverse:oe
cljs$core$second:rd
cljs$core$select_keys:wh
cljs$core$seq:E
cljs$core$seq_QMARK_:Td
cljs$core$seq_reduce:pd
cljs$core$seq_reduce$cljs$0core$0IFn$0_invoke$0arity$02:od
cljs$core$seq_reduce$cljs$0core$0IFn$0_invoke$0arity$03:qd
cljs$core$sequential_QMARK_:Md
cljs$core$set:Ch
cljs$core$set_QMARK_:Ld
cljs$core$some:$e
cljs$core$sort$cljs$0core$0IFn$0_invoke$0arity$02:ae
cljs$core$spread:Ge
cljs$core$str:z
cljs$core$string_hash_cache:Bc
cljs$core$string_hash_cache_count:Cc
cljs$core$strip_ns:bi
cljs$core$subvec:pg
cljs$core$swap_BANG_:nf
cljs$core$symbol:Kc
cljs$core$t_cljs$0core10872:Ve
cljs$core$tail_off:Kf
cljs$core$take$cljs$0core$0IFn$0_invoke$0arity$02:pf
cljs$core$take_last:sf
cljs$core$take_nth$cljs$0core$0IFn$0_invoke$0arity$02:Jh
cljs$core$throw_no_method_error:xi
cljs$core$to_array:be
cljs$core$transduce$cljs$0core$0IFn$0_invoke$0arity$04:he
cljs$core$tree_seq:zf
cljs$core$truth_:v
cljs$core$tv_editable_root:Yf
cljs$core$tv_editable_tail:Zf
cljs$core$tv_ensure_editable:qg
cljs$core$tv_push_tail:rg
cljs$core$type:Qa
cljs$core$type__GT_str:Ra
cljs$core$unchecked_array_for:Of
cljs$core$update:Gf
cljs$core$update_in:Ff
cljs$core$val:jg
cljs$core$vals:Hg
cljs$core$vec:cg
cljs$core$vector:kg
cljs$core$vector_QMARK_:Pd
cljs$core$vector_index_out_of_bounds:Nf
cljs$core$with_meta:Fd
cljs$core$write_all$cljs$0core$0IFn$0_invoke$0arity$0variadic:Sh
cljs$cst$0$flush_on_newline:Ia
cljs$cst$1$readably:Ja
cljs$cst$105$more_marker:Rh
cljs$cst$106$alt_impl:Zh
cljs$cst$107$fallback_impl:$h
cljs$cst$108$val:ei
cljs$cst$109$status:pj
cljs$cst$126$keyword_fn:li
cljs$cst$128$parents:oi
cljs$cst$129$descendants:pi
cljs$cst$130$ancestors:qi
cljs$cst$138$uuid:ij
cljs$cst$168$warn:ln
cljs$cst$169$error:al
cljs$cst$170$name:gn
cljs$cst$173$class:ek
cljs$cst$174$style:yj
cljs$cst$175$key:gp
cljs$cst$177$on_dispose:Pn
cljs$cst$178$f:Tm
cljs$cst$180$auto_run:Kj
cljs$cst$181$path:Mk
cljs$cst$184$on_set:qm
cljs$cst$185$no_cache:oj
cljs$cst$193$shouldComponentUpdate:Tj
cljs$cst$194$componentWillUnmount:Im
cljs$cst$195$reagentRender:ik
cljs$cst$196$render:Ck
cljs$cst$197$displayName:Qn
cljs$cst$198$cljsLegacyRender:xl
cljs$cst$199$childContextTypes:Uj
cljs$cst$2$meta:Ka
cljs$cst$200$contextTypes:Hn
cljs$cst$201$contextType:em
cljs$cst$202$getDerivedStateFromProps:Lj
cljs$cst$203$getDerivedStateFromError:fo
cljs$cst$204$getInitialState:an
cljs$cst$205$constructor:kj
cljs$cst$206$reagent_render:An
cljs$cst$207$on_write:Cm
cljs$cst$208$display_name:Co
cljs$cst$209$component_did_update:sn
cljs$cst$210$component_will_unmount:Yj
cljs$cst$213$id:bm
cljs$cst$214$className:Lm
cljs$cst$220$function_components:zl
cljs$cst$221$parse_tag:Mj
cljs$cst$222$callback:lo
cljs$cst$223$log:Wn
cljs$cst$224$debug:Zl
cljs$cst$225$group:ml
cljs$cst$226$groupEnd:Cj
cljs$cst$227$loaded_QMARK_:Am
cljs$cst$228$global_interceptors:np
cljs$cst$229$sub:up
cljs$cst$230$event:Jl
cljs$cst$231$cofx:Nn
cljs$cst$232$fx:Oi
cljs$cst$233$operation:Aj
cljs$cst$234$op_type:il
cljs$cst$235$tags:X
cljs$cst$236$child_of:Sm
cljs$cst$237$start:Xn
cljs$cst$238$after:Vk
cljs$cst$239$before:Do
cljs$cst$240$unnamed:ip
cljs$cst$241$effects:Jo
cljs$cst$242$coeffects:$l
cljs$cst$243$queue:nl
cljs$cst$244$stack:gk
cljs$cst$245$original_event:uk
cljs$cst$246$db:kk
cljs$cst$247$interceptors:bn
cljs$cst$248$app_db_before:Xl
cljs$cst$249$app_db_after:dp
cljs$cst$250$duration:bl
cljs$cst$251$end:ql
cljs$cst$252$sub_SLASH_dispose:um
cljs$cst$253$query_v:mo
cljs$cst$254$reaction:Fn
cljs$cst$255$sub_SLASH_create:Nm
cljs$cst$256$cached_QMARK_:wp
cljs$cst$257$dyn_v:Yk
cljs$cst$258$input_signals:lm
cljs$cst$259$_LT__:Po
cljs$cst$260$sub_SLASH_run:qo
cljs$cst$261$value:Ql
cljs$cst$262$flush_dom:jo
cljs$cst$263$yield:vo
cljs$cst$264$finish_run:Gm
cljs$cst$265$pause:Dj
cljs$cst$266$add_event:Ko
cljs$cst$267$run_queue:Jn
cljs$cst$268$re_frame_DOT_router_SLASH_fsm_trigger:Bm
cljs$cst$269$idle:tj
cljs$cst$270$scheduled:Ul
cljs$cst$271$running:hn
cljs$cst$272$exception:No
cljs$cst$273$paused:jk
cljs$cst$274$resume:ro
cljs$cst$275$fsm_state:ap
cljs$cst$276$trigger:Zn
cljs$cst$277$current_state:Zj
cljs$cst$278$new_state:Ri
cljs$cst$280$queue:hm
cljs$cst$282$do_fx:wk
cljs$cst$283$event_SLASH_do_fx:ep
cljs$cst$284$ms:rl
cljs$cst$285$dispatch:vj
cljs$cst$286$dispatch_later:Ol
cljs$cst$287$dispatch_n:Nk
cljs$cst$288$deregister_event_handler:fj
cljs$cst$289$atom:am
cljs$cst$290$sequential:ul
cljs$cst$291$map:xk
cljs$cst$292$set:gm
cljs$cst$293$re_frame_DOT_std_interceptors_SLASH_not_found:cm
cljs$cst$294$unwrap:lk
cljs$cst$295$trim_v:Si
cljs$cst$296$db_handler:Dn
cljs$cst$297$event_SLASH_handler:eo
cljs$cst$298$fx_handler:Il
cljs$cst$3$dup:La
cljs$cst$303$inject_global_interceptors:fm
cljs$cst$304$patients_DOT_db_SLASH_initialize:pm
cljs$cst$305$app:Vi
cljs$cst$306$lang:Dm
cljs$cst$307$ru:Yn
cljs$cst$308$current_lang:Zo
cljs$cst$309$address_SLASH_state:Kl
cljs$cst$310$app_SLASH_edit_patient:hk
cljs$cst$311$app_SLASH_success_removed:fk
cljs$cst$312$app_SLASH_save_patient:Rj
cljs$cst$313$address_SLASH_district:ao
cljs$cst$314$app_SLASH_patients_list:Ij
cljs$cst$315$patient_SLASH_name:Om
cljs$cst$316$patient_SLASH_family:Pm
cljs$cst$317$app_SLASH_patient_data:pn
cljs$cst$318$address_SLASH_line:Bj
cljs$cst$319$app_SLASH_add_patient:mm
cljs$cst$320$app_SLASH_validation_error:ko
cljs$cst$321$patient_SLASH_insurance_number:mj
cljs$cst$322$app_SLASH_create_patient:vp
cljs$cst$323$address_SLASH_text:co
cljs$cst$324$app_SLASH_patient_address:dl
cljs$cst$325$patient_SLASH_fullname:$i
cljs$cst$326$app_SLASH_search_placeholder:Wi
cljs$cst$327$app_SLASH_title:rp
cljs$cst$328$app_SLASH_delele_patient:vm
cljs$cst$329$address_SLASH_postal_code:Tk
cljs$cst$330$patient_SLASH_birthday:Qk
cljs$cst$331$patient_SLASH_gender:Fo
cljs$cst$332$app_SLASH_bad_request:Vj
cljs$cst$333$patient_SLASH_patronymic:Dl
cljs$cst$334$app_SLASH_success_created:Fm
cljs$cst$335$app_SLASH_success_updated:gl
cljs$cst$336$address_SLASH_city:Gn
cljs$cst$337$en:Jj
cljs$cst$338$body:Zm
cljs$cst$339$status_text:no
cljs$cst$340$headers:xo
cljs$cst$347$java:Sn
cljs$cst$348$vec_strategy:aj
cljs$cst$349$write:Rm
cljs$cst$350$content_type:pp
cljs$cst$352$response:hl
cljs$cst$355$description:jj
cljs$cst$356$failure:sk
cljs$cst$357$parse:bo
cljs$cst$358$original_text:Io
cljs$cst$359$parse_error:Kn
cljs$cst$360$read:en
cljs$cst$361$failed:bk
cljs$cst$362$aborted:yk
cljs$cst$363$timeout:zo
cljs$cst$367$uri:Dk
cljs$cst$368$method:Yi
cljs$cst$369$format:kn
cljs$cst$370$params:zk
cljs$cst$371$url_params:wj
cljs$cst$372$response_format:dn
cljs$cst$391$nil:Ni
cljs$cst$392$string:Zi
cljs$cst$393$strable:mk
cljs$cst$394$vector:go
cljs$cst$395$list:Cl
cljs$cst$396$hierarchy:cn
cljs$cst$397$default:Fi
cljs$cst$398$type:hp
cljs$cst$399$reader_exception:bj
cljs$cst$4$print_length:Ma
cljs$cst$400$ex_kind:nk
cljs$cst$401$file:Nl
cljs$cst$402$line:Xi
cljs$cst$403$col:ok
cljs$cst$404$reader_error:Ho
cljs$cst$405$illegal_argument:un
cljs$cst$406$eof:cl
cljs$cst$408$character:Ao
cljs$cst$409$column:Sk
cljs$cst$412$symbol:Uo
cljs$cst$413$_SLASH_:zm
cljs$cst$414$keyword:Rl
cljs$cst$415$NaN:Sl
cljs$cst$416$_Inf:sl
cljs$cst$417$Inf:ck
cljs$cst$419$none:jp
cljs$cst$440$namespaced_map:Lo
cljs$cst$443$readers:Lk
cljs$cst$444$inst:Cn
cljs$cst$445$js:gj
cljs$cst$446$handler:Ok
cljs$cst$447$api:Ti
cljs$cst$448$with_credentials:vk
cljs$cst$449$progress_handler:So
cljs$cst$452$last_method:lj
cljs$cst$453$last_error:mn
cljs$cst$454$last_error_code:Nj
cljs$cst$455$debug_message:xj
cljs$cst$456$on_success:wm
cljs$cst$457$http_no_on_success:Ej
cljs$cst$458$on_failure:Xk
cljs$cst$459$http_no_on_failure:ll
cljs$cst$460$on_request:hj
cljs$cst$461$http_xhrio:cj
cljs$cst$462$patients_DOT_components_DOT_requests_SLASH_invoke:vl
cljs$cst$463$post:Al
cljs$cst$464$patient_address:ym
cljs$cst$465$patient_data:nj
cljs$cst$466$patient_name:Zk
cljs$cst$467$family:om
cljs$cst$468$firstname:wo
cljs$cst$469$patronymic:$o
cljs$cst$47$validator:io
cljs$cst$470$postal_code:Pi
cljs$cst$471$state:xn
cljs$cst$472$city:Tl
cljs$cst$473$district:Tn
cljs$cst$474$gender:uj
cljs$cst$475$insurance_number:oo
cljs$cst$476$birth_date:El
cljs$cst$477$use:pk
cljs$cst$478$text:jm
cljs$cst$479$given:Xm
cljs$cst$480$postalCode:Em
cljs$cst$481$country:Ak
cljs$cst$482$address:xp
cljs$cst$483$component_did_mount:tn
cljs$cst$484$div:Gl
cljs$cst$485$min_width:$n
cljs$cst$486$animation:Vm
cljs$cst$487$color:Rn
cljs$cst$488$min_height:Wl
cljs$cst$489$bottom:Xj
cljs$cst$490$font_size:to
cljs$cst$491$background:Rk
cljs$cst$492$opacity:tk
cljs$cst$493$padding:Go
cljs$cst$494$right:zj
cljs$cst$495$display:On
cljs$cst$496$position:op
cljs$cst$497$border:fn
cljs$cst$498$border_radius:$k
cljs$cst$499$white:xm
cljs$cst$500$block:Mo
cljs$cst$501$fixed:Qm
cljs$cst$502$red:Fl
cljs$cst$503$green:In
cljs$cst$504$patients_DOT_components_DOT_popup_SLASH_show_error_popup:kp
cljs$cst$505$patients_DOT_components_DOT_popup_SLASH_show_success_popup:jn
cljs$cst$506$patients_DOT_nav_SLASH_set_active_page:yl
cljs$cst$507$active_page:nm
cljs$cst$508$page_params:ol
cljs$cst$509$patients_DOT_pages_DOT_patient_DOT_events_SLASH_clear_form:Hj
cljs$cst$510$patients_DOT_pages_DOT_patient_DOT_events_SLASH_clean_form_errors:ej
cljs$cst$511$errors:qk
cljs$cst$512$patients_DOT_pages_DOT_patient_DOT_events_SLASH_show_form_validation_errors:Oo
cljs$cst$513$error_paths:Ik
cljs$cst$514$patients_DOT_pages_DOT_patient_DOT_events_SLASH_successful_update:sm
cljs$cst$515$patients_DOT_pages_DOT_patient_DOT_events_SLASH_successful_create:Bo
cljs$cst$516$data:Qj
cljs$cst$517$patient:To
cljs$cst$518$patient_identifier:Ym
cljs$cst$519$patients_DOT_pages_DOT_patient_DOT_events_SLASH_successful_delete:el
cljs$cst$520$patients:rm
cljs$cst$521$patients_DOT_pages_DOT_patient_DOT_events_SLASH_error_response:ak
cljs$cst$522$patients_DOT_pages_DOT_patient_DOT_events_SLASH_load_patient_data:yo
cljs$cst$523$patients_DOT_pages_DOT_patient_DOT_events_SLASH_get_patient:bp
cljs$cst$524$get_patient:Bl
cljs$cst$525$patients_DOT_pages_DOT_patient_DOT_events_SLASH_create_patient:Vn
cljs$cst$526$create_patient:dm
cljs$cst$527$patients_DOT_pages_DOT_patient_DOT_events_SLASH_update_patient:Fj
cljs$cst$528$update_patient:dj
cljs$cst$529$patients_DOT_pages_DOT_patient_DOT_events_SLASH_delete_patient:En
cljs$cst$530$delete_patient:jl
cljs$cst$531$patients_DOT_pages_DOT_patient_DOT_subs_SLASH_get_patient_uid:Ll
cljs$cst$532$patients_DOT_pages_DOT_patient_DOT_subs_SLASH_create_patient_QMARK_:Yl
cljs$cst$533$set_input_value:Pk
cljs$cst$534$get_input_value:Pl
cljs$cst$535$get_field_error:Hl
cljs$cst$536$label:rn
cljs$cst$537$form_id:Bk
cljs$cst$538$field_id:kl
cljs$cst$539$on_change:Uk
cljs$cst$540$input:Xo
cljs$cst$541$options:Wm
cljs$cst$542$select:km
cljs$cst$543$option:rk
cljs$cst$544$date:Oj
cljs$cst$545$on_click:tl
cljs$cst$546$button:fp
cljs$cst$547$flex_grow:Ln
cljs$cst$548$title:Ek
cljs$cst$549$fieldset:qp
cljs$cst$550$flex:Ui
cljs$cst$551$gap:uo
cljs$cst$552$legend:Hk
cljs$cst$553$flex_direction:so
cljs$cst$554$width:Pj
cljs$cst$555$footer:Jk
cljs$cst$556$header:Mm
cljs$cst$557$h1:Sj
cljs$cst$558$open_grid_button:dk
cljs$cst$559$create_patient_button:tp
cljs$cst$560$save_patient_button:Ml
cljs$cst$561$delete_patient_button:nn
cljs$cst$562$hidden:mp
cljs$cst$563$male:tm
cljs$cst$564$female:im
cljs$cst$565$other:Eo
cljs$cst$566$unknown:Yo
cljs$cst$567$div_DOT_container:Kk
cljs$cst$568$patients_DOT_components_DOT_table_DOT_events_SLASH_init_table:Gj
cljs$cst$569$fields:Vl
cljs$cst$570$sorted_by:cp
cljs$cst$571$patients_DOT_components_DOT_table_DOT_events_SLASH_set_table_search:wl
cljs$cst$572$search:qn
cljs$cst$573$patients_DOT_components_DOT_table_DOT_events_SLASH_set_table_filters:fl
cljs$cst$574$filters:Wj
cljs$cst$575$asc:Vo
cljs$cst$576$patients_DOT_components_DOT_table_DOT_subs_SLASH_get_table_filters:Qo
cljs$cst$577$patients_DOT_components_DOT_table_DOT_subs_SLASH_get_table_fields:Fk
cljs$cst$578$patients_DOT_components_DOT_table_DOT_subs_SLASH_get_table_filter_value:Gk
cljs$cst$579$patients_DOT_components_DOT_table_DOT_subs_SLASH_get_table_search_value:Wk
cljs$cst$580$patients_DOT_components_DOT_table_DOT_subs_SLASH_get_table_sorted_by:pl
cljs$cst$581$patients_DOT_components_DOT_table_DOT_subs_SLASH_table_filtered_items:yn
cljs$cst$582$buttons:Um
cljs$cst$583$placeholder:ho
cljs$cst$584$on_click_row:Mn
cljs$cst$585$table:$m
cljs$cst$586$thead:Un
cljs$cst$587$tr:Bn
cljs$cst$588$th:zn
cljs$cst$589$filter_type:wn
cljs$cst$590$tbody:Hm
cljs$cst$591$td:vn
cljs$cst$592$load_patients_db:Qi
cljs$cst$593$request_patients_list:lp
cljs$cst$594$list_patients:Wo
cljs$cst$595$patients_DOT_components_DOT_ui_elements_SLASH_show_error_popup:sp
cljs$cst$596$fullname:po
cljs$cst$597$identifier:Ro
cljs$cst$78$tag:on
cljs$cst$98$cljs_DOT_core_SLASH_not_found:xh
cljs$reader$_STAR_default_data_reader_fn_STAR_:Lv
cljs$reader$_STAR_tag_table_STAR_:Mv
cljs$reader$check:Jv
cljs$reader$days_in_month:Gv
cljs$reader$parse_and_validate_timestamp:Kv
cljs$reader$parse_int:Iv
cljs$reader$timestamp_regex:Hv
cljs$tools$reader$edn$dispatch_macros:iv
cljs$tools$reader$edn$escape_char:wv
cljs$tools$reader$edn$macro_terminating_QMARK_:dv
cljs$tools$reader$edn$macros:ev
cljs$tools$reader$edn$not_constituent_QMARK_:fv
cljs$tools$reader$edn$read:rv
cljs$tools$reader$edn$read$cljs$0core$0IFn$0_invoke$0arity$02:Fv
cljs$tools$reader$edn$read$cljs$0core$0IFn$0_invoke$0arity$04:qv
cljs$tools$reader$edn$read_char_STAR_:nv
cljs$tools$reader$edn$read_delimited:pv
cljs$tools$reader$edn$read_discard:Cv
cljs$tools$reader$edn$read_dispatch:hv
cljs$tools$reader$edn$read_keyword:zv
cljs$tools$reader$edn$read_list:sv
cljs$tools$reader$edn$read_map:uv
cljs$tools$reader$edn$read_meta:Av
cljs$tools$reader$edn$read_namespaced_map:Dv
cljs$tools$reader$edn$read_number:vv
cljs$tools$reader$edn$read_set:Bv
cljs$tools$reader$edn$read_string_STAR_:xv
cljs$tools$reader$edn$read_symbol:yv
cljs$tools$reader$edn$read_symbolic_value:Ev
cljs$tools$reader$edn$read_tagged:jv
cljs$tools$reader$edn$read_token$cljs$0core$0IFn$0_invoke$0arity$04:gv
cljs$tools$reader$edn$read_unicode_char$cljs$0core$0IFn$0_invoke$0arity$04:lv
cljs$tools$reader$edn$read_unicode_char$cljs$0core$0IFn$0_invoke$0arity$05:mv
cljs$tools$reader$edn$read_unmatched_delimiter:kv
cljs$tools$reader$edn$read_vector:tv
cljs$tools$reader$edn$starting_line_col_info:ov
cljs$tools$reader$impl$commons$float_pattern:Yu
cljs$tools$reader$impl$commons$int_pattern:Wu
cljs$tools$reader$impl$commons$match_number:$u
cljs$tools$reader$impl$commons$matches_QMARK_:Zu
cljs$tools$reader$impl$commons$parse_symbol:av
cljs$tools$reader$impl$commons$ratio_pattern:Xu
cljs$tools$reader$impl$commons$read_comment:bv
cljs$tools$reader$impl$commons$read_past:Vu
cljs$tools$reader$impl$commons$throwing_reader:cv
cljs$tools$reader$impl$errors$duplicate_keys_error:Tu
cljs$tools$reader$impl$errors$eof_error$cljs$0core$0IFn$0_invoke$0arity$0variadic:Mu
cljs$tools$reader$impl$errors$illegal_arg_error$cljs$0core$0IFn$0_invoke$0arity$0variadic:Lu
cljs$tools$reader$impl$errors$reader_error$cljs$0core$0IFn$0_invoke$0arity$0variadic:Ku
cljs$tools$reader$impl$errors$throw_bad_char:Pu
cljs$tools$reader$impl$errors$throw_bad_octal_number:Su
cljs$tools$reader$impl$errors$throw_dup_keys:Uu
cljs$tools$reader$impl$errors$throw_eof_reading$cljs$0core$0IFn$0_invoke$0arity$0variadic:Qu
cljs$tools$reader$impl$errors$throw_ex$cljs$0core$0IFn$0_invoke$0arity$0variadic:Ju
cljs$tools$reader$impl$errors$throw_invalid:Ou
cljs$tools$reader$impl$errors$throw_invalid_unicode_digit:Ru
cljs$tools$reader$impl$errors$throw_odd_map:Nu
cljs$tools$reader$impl$inspect$dispatch_inspect:Ei
cljs$tools$reader$impl$inspect$inspect_STAR_:Ii
cljs$tools$reader$impl$inspect$inspect_STAR__col:Iu
cljs$tools$reader$impl$utils$char_code:yu
cljs$tools$reader$impl$utils$namespace_keys:xu
cljs$tools$reader$impl$utils$numeric_QMARK_:wu
cljs$tools$reader$impl$utils$whitespace_QMARK_:vu
cljs$tools$reader$impl$utils$ws_rx:uu
cljs$tools$reader$reader_types$PushbackReader:Gu
cljs$tools$reader$reader_types$StringReader:Fu
cljs$tools$reader$reader_types$get_column_number:Du
cljs$tools$reader$reader_types$get_file_name:Eu
cljs$tools$reader$reader_types$get_line_number:Cu
cljs$tools$reader$reader_types$indexing_reader_QMARK_:Hu
cljs$tools$reader$reader_types$peek_char:Au
cljs$tools$reader$reader_types$read_char:zu
cljs$tools$reader$reader_types$unread:Bu
clojure$data$atom_diff:Bt
clojure$data$diff:Et
clojure$data$diff_associative:Ft
clojure$data$diff_associative_key:Dt
clojure$data$diff_sequential:Gt
clojure$data$diff_set:Ht
clojure$data$diff_similar:Jt
clojure$data$equality_partition:It
clojure$data$vectorize:Ct
clojure$set$bubble_max_key:hq
clojure$set$difference:jq
clojure$set$intersection:iq
clojure$string$join$cljs$0core$0IFn$0_invoke$0arity$02:Hp
clojure$string$replace:Gp
clojure$string$replace_all:Ep
clojure$string$replace_with:Fp
clojure$string$split$cljs$0core$0IFn$0_invoke$0arity$03:Ip
comp$jscomp$inline_1515:gx
container$jscomp$inline_1516:hx
day8$re_frame$http_fx$ajax_xhrio_handler:yw
day8$re_frame$http_fx$dispatch_on_request:Aw
day8$re_frame$http_fx$request__GT_xhrio_options:zw
doc$jscomp$inline_1771:Xr
docMode$jscomp$inline_1106:Wr
event_v$jscomp$inline_1926:fx
fn_to_element$jscomp$inline_1098:Cr
goog:aa
goog$Disposable:as
goog$Disposable$MonitoringMode$OFF:bs
goog$Timer$callOnce:Vv
goog$UID_PROPERTY_:ha
goog$async$nextTick:$r
goog$bind:la
goog$bindJs_:ka
goog$bindNative_:ja
goog$dom$createElement:Zr
goog$events$BrowserEvent:es
goog$events$BrowserEvent$IE_POINTER_TYPE_MAP:fs
goog$events$BrowserFeature$PASSIVE_EVENTS:ds
goog$events$Event:cs
goog$events$EventTarget:Bs
goog$events$LISTENER_MAP_PROP_:ns
goog$events$LISTENER_WRAPPER_PROP_:As
goog$events$Listenable$IMPLEMENTED_BY_PROP:hs
goog$events$ListenableKey$counter_:gs
goog$events$Listener:is
goog$events$ListenerMap:ks
goog$events$ListenerMap$findListenerIndex_:ls
goog$events$getListenerMap_:us
goog$events$getOnString_:ws
goog$events$getProxy:vs
goog$events$handleBrowserEvent_:xs
goog$events$listen:qs
goog$events$listenOnce:rs
goog$events$listen_:ts
goog$events$listenerCountEstimate_:ps
goog$events$onStringMap_:os
goog$events$unlisten:ys
goog$events$unlistenByKey:zs
goog$events$wrapListener:ss
goog$getUid:fa
goog$global:ba
goog$inherits:ma
goog$isObject:ea
goog$net$DefaultXmlHttpFactory:$v
goog$net$ErrorCode$getDebugMessage:Ov
goog$net$XhrIo:bw
goog$net$XhrIo$HTTP_SCHEME_PATTERN:dw
goog$net$XhrIo$METHODS_WITH_FORM_DATA:ew
goog$net$XhrIo$ResponseType$DEFAULT:cw
goog$net$XhrIo$buildProgressEvent_:pw
goog$net$XhrIo$shouldUseXhr2Timeout_:iw
goog$net$XmlHttp$factory_:Zv
goog$net$XmlHttpFactory:Wv
goog$nullFunction:da
goog$reflect$cache:oa
goog$reflect$sinkValue:na
goog$string$StringBuffer:Fa
goog$string$internal$compareElements_:ra
goog$string$internal$trim:qa
goog$typeOf:n
goog$uidCounter_:ia
goog$uri$utils$splitRe_:Ea
goog$userAgent$EDGE:Pr
goog$userAgent$GECKO:Qr
goog$userAgent$IE:Or
goog$userAgent$OPERA:Nr
goog$userAgent$VERSION:Tr
goog$userAgent$WEBKIT:Rr
goog$userAgent$isVersionOrHigher:Yr
goog$userAgent$isVersionOrHigherCache_:pa
hierarchy__5646__auto__$jscomp$inline_1840:zi
id$jscomp$inline_1097:Br
listener$jscomp$inline_1156:Os
method_cache__5644__auto__$jscomp$inline_1838:Ci
method_table__5642__auto__$jscomp$inline_1836:Ai
module$contents$goog$array_defaultCompare:za
module$contents$goog$array_indexOf:xa
module$contents$goog$array_sort:ya
module$contents$goog$array_stableSort:Aa
module$contents$goog$labs$userAgent$platform_isIphone:Mr
module$contents$goog$labs$userAgent$util_matchUserAgent:Da
module$contents$goog$labs$userAgent$util_userAgentInternal:Ca
module$contents$goog$object_PROTOTYPE_FIELDS:va
module$contents$goog$object_extend:wa
module$contents$goog$object_get:ua
module$contents$goog$object_getKeys:ta
module$node_modules$react$index:Cp
module$node_modules$react_dom$index:Dp
navigator$jscomp$inline_1102:Sr
opts$jscomp$inline_1096:Ar
parse_fn$jscomp$inline_1099:Dr
patients$components$helpers$remove_empty_keys:Bw
patients$components$locale$locale$cljs$0core$0IFn$0_invoke$0arity$01:St
patients$components$locale$strings:Rt
patients$components$popup$popup:Ew
patients$components$popup$show_popup:Fw
patients$components$table$core$table:Yw
patients$components$table$core$table_header:Xw
patients$components$table$helpers$match_string_in_item_values_QMARK_:Uw
patients$components$table$helpers$matches_all_filters_QMARK_:Tw
patients$components$table$helpers$sort_by_field:Vw
patients$components$table$helpers$sort_by_field$cljs$0core$0IFn$0_invoke$0arity$0variadic:Ww
patients$components$ui_elements$button:Jw
patients$components$ui_elements$date_field:Iw
patients$components$ui_elements$fieldset:Lw
patients$components$ui_elements$fieldset_column:Mw
patients$components$ui_elements$footer:Nw
patients$components$ui_elements$input_field:Gw
patients$components$ui_elements$select_field:Hw
patients$components$ui_elements$spacer:Kw
patients$pages$patient$converters$prepare_patient_data_to_request:Cw
patients$pages$patient$converters$transform_error_path:Dw
patients$pages$patient$core$main:Sw
patients$pages$patient$core$page_header:Ow
patients$pages$patient$core$patient_address:Qw
patients$pages$patient$core$patient_data:Pw
patients$pages$patient$core$patient_page:Rw
patients$pages$patient_grid$main:ex
patients$pages$patient_grid$page_header:Zw
patients$pages$patient_grid$table:dx
patients$pages$patient_grid$table_header:$w
prefer_table__5643__auto__$jscomp$inline_1837:Bi
re_frame$cofx$inject_db:At
re_frame$core$reg_event_db:Nt
re_frame$core$reg_event_fx$cljs$0core$0IFn$0_invoke$0arity$02:Ot
re_frame$core$reg_sub$cljs$0core$0IFn$0_invoke$0arity$0variadic:Pt
re_frame$core$subscribe$cljs$0core$0IFn$0_invoke$0arity$01:Qt
re_frame$db$app_db:Js
re_frame$events$_STAR_handling_STAR_:et
re_frame$events$handle:ft
re_frame$fx$dispatch_later:zt
re_frame$fx$do_fx:yt
re_frame$interceptor$__GT_interceptor:$s
re_frame$interceptor$assoc_coeffect:bt
re_frame$interceptor$enqueue:dt
re_frame$interceptor$get_coeffect$cljs$0core$0IFn$0_invoke$0arity$02:at
re_frame$interceptor$invoke_interceptors:ct
re_frame$interop$add_on_dispose_BANG_:Fs
re_frame$interop$deref_QMARK_:Es
re_frame$interop$empty_queue:gf
re_frame$interop$now:Hs
re_frame$interop$reagent_id:Is
re_frame$interop$set_timeout_BANG_:Gs
re_frame$loggers$console:Ls
re_frame$loggers$loggers:Ks
re_frame$registrar$clear_handlers:Ss
re_frame$registrar$get_handler$cljs$0core$0IFn$0_invoke$0arity$02:Qs
re_frame$registrar$kind__GT_id__GT_handler:Ps
re_frame$registrar$register_handler:Rs
re_frame$router$dispatch:xt
re_frame$router$event_queue:wt
re_frame$router$later_fns:pt
re_frame$settings$store:Ns
re_frame$std_interceptors$db_handler__GT_interceptor:Kt
re_frame$std_interceptors$fx_handler__GT_interceptor:Lt
re_frame$std_interceptors$inject_global_interceptors:Mt
re_frame$subs$cache_and_return:ht
re_frame$subs$cache_lookup$cljs$0core$0IFn$0_invoke$0arity$02:it
re_frame$subs$deref_input_signals:nt
re_frame$subs$map_signals:lt
re_frame$subs$map_vals:kt
re_frame$subs$query__GT_reaction:gt
re_frame$subs$reg_sub:ot
re_frame$subs$subscribe:jt
re_frame$subs$to_seq:mt
re_frame$trace$_STAR_current_trace_STAR_:Z
re_frame$trace$id:Ts
re_frame$trace$next_delivery:Ws
re_frame$trace$run_tracing_callbacks_BANG_:Zs
re_frame$trace$schedule_debounce:Ys
re_frame$trace$start_trace:Xs
re_frame$trace$trace_cbs:Us
re_frame$trace$traces:Vs
re_frame$utils$first_in_vector:Ms
reagent$core$after_render:Ds
reagent$dom$render$cljs$0core$0IFn$0_invoke$0arity$03:Lr
reagent$dom$render_comp:Kr
reagent$dom$roots:Jr
reagent$impl$batching$compare_mount_order:Wp
reagent$impl$batching$fake_raf:Up
reagent$impl$batching$mount_count:Tp
reagent$impl$batching$next_tick:Vp
reagent$impl$batching$queue_render:cq
reagent$impl$batching$ratom_flush:Xp
reagent$impl$batching$render_queue:bq
reagent$impl$batching$run_funs:Yp
reagent$impl$component$_STAR_current_component_STAR_:Kq
reagent$impl$component$built_in_static_method_names:Vq
reagent$impl$component$cache_react_class:Xq
reagent$impl$component$camelify_map_keys:Rq
reagent$impl$component$cljsify:Uq
reagent$impl$component$create_class:Wq
reagent$impl$component$custom_wrapper:Oq
reagent$impl$component$dash_to_method_name:Qq
reagent$impl$component$functional_render:Zq
reagent$impl$component$functional_render_fn:ar
reagent$impl$component$functional_render_memo_fn:$q
reagent$impl$component$functional_wrap_render:Yq
reagent$impl$component$map_to_js:Tq
reagent$impl$component$obligatory:Pq
reagent$impl$component$props_argv:Lq
reagent$impl$component$rat_opts:Jq
reagent$impl$component$reagent_class_QMARK_:Mq
reagent$impl$component$wrap_funs:Sq
reagent$impl$component$wrap_render:Nq
reagent$impl$input$input_component_set_value:dr
reagent$impl$input$input_handle_change:er
reagent$impl$input$input_node_set_value:cr
reagent$impl$input$input_render_setup:fr
reagent$impl$input$input_spec:gr
reagent$impl$input$these_inputs_have_selection_api:br
reagent$impl$protocols$as_element:fq
reagent$impl$protocols$get_id:dq
reagent$impl$protocols$make_element:gq
reagent$impl$protocols$parse_tag:eq
reagent$impl$template$HiccupTag:qr
reagent$impl$template$cache_get:jr
reagent$impl$template$convert_custom_prop_value:or
reagent$impl$template$convert_prop_value:lr
reagent$impl$template$custom_kv_conv:nr
reagent$impl$template$custom_prop_name_cache:mr
reagent$impl$template$default_compiler:zr
reagent$impl$template$expand_seq:wr
reagent$impl$template$function_element:sr
reagent$impl$template$kv_conv:kr
reagent$impl$template$make_element:pr
reagent$impl$template$maybe_function_element:tr
reagent$impl$template$native_element:vr
reagent$impl$template$prop_name_cache:ir
reagent$impl$template$re_tag:hr
reagent$impl$template$reag_element:rr
reagent$impl$template$t_reagent$0impl$0template12734:yr
reagent$impl$template$tag_name_cache:ur
reagent$impl$template$vec_to_elem:xr
reagent$impl$util$_STAR_always_update_STAR_:Qp
reagent$impl$util$capitalize:Lp
reagent$impl$util$class_names:Pp
reagent$impl$util$dash_to_prop_name:Mp
reagent$impl$util$dont_camel_case:Kp
reagent$impl$util$fun_name:Np
reagent$impl$util$get_react_key:Rp
reagent$impl$util$is_client:Jp
reagent$impl$util$named_QMARK_:Op
reagent$impl$util$react_key_from_vec:Sp
reagent$ratom$RAtom:sq
reagent$ratom$RCursor:xq
reagent$ratom$Reaction:Dq
reagent$ratom$Track:wq
reagent$ratom$_STAR_ratom_context_STAR_:kq
reagent$ratom$add_on_dispose_BANG_:Bq
reagent$ratom$add_w:nq
reagent$ratom$atom:tq
reagent$ratom$cached_reaction:uq
reagent$ratom$deref_capture:lq
reagent$ratom$dispose_BANG_:Aq
reagent$ratom$flush_BANG_:Gq
reagent$ratom$handle_reaction_change:bc
reagent$ratom$make_reaction:vq
reagent$ratom$notify_deref_watcher_BANG_:mq
reagent$ratom$notify_w:pq
reagent$ratom$pr_atom:qq
reagent$ratom$rea_queue:rq
reagent$ratom$remove_w:oq
reagent$ratom$run_in_reaction:Iq
reagent$ratom$temp_reaction:Hq
shadow$js$files:yp
shadow$js$jsRequire:Bp
shadow$js$nativeRequires:zp
shadow$js$requireStack:Ap
version$jscomp$inline_1104:Ur
